15:25:03 **** Clean-only build of configuration Debug for project 001HelloWorld_semihosting ****
make -j16 clean 
rm -rf ./Startup/startup_stm32f446retx.d ./Startup/startup_stm32f446retx.o
rm -rf ./Src/main.d ./Src/main.o ./Src/main.su ./Src/syscalls.d ./Src/syscalls.o ./Src/syscalls.su ./Src/sysmem.d ./Src/sysmem.o ./Src/sysmem.su
rm -rf 001HelloWorld_semihosting.elf 001HelloWorld_semihosting.list 001HelloWorld_semihosting.map default.size.stdout
 
15:25:03 **** Incremental Build of configuration Debug for project 001HelloWorld_semihosting ****
make -j16 all 
arm-none-eabi-gcc -mcpu=cortex-m4 -g3 -DDEBUG -c -x assembler-with-cpp -MMD -MP -MF"Startup/startup_stm32f446retx.d" -MT"Startup/startup_stm32f446retx.o" --specs=nano.specs -mfpu=fpv4-sp-d16 -mfloat-abi=hard -mthumb -o "Startup/startup_stm32f446retx.o" "../Startup/startup_stm32f446retx.s"
arm-none-eabi-gcc "../Src/main.c" -mcpu=cortex-m4 -std=gnu11 -g3 -DDEBUG -DSTM32 -DSTM32F4 -DSTM32F446RETx -DNUCLEO_F446RE -c -I../Inc -O0 -ffunction-sections -fdata-sections -Wall -fstack-usage -MMD -MP -MF"Src/main.d" -MT"Src/main.o" --specs=nano.specs -mfpu=fpv4-sp-d16 -mfloat-abi=hard -mthumb -o "Src/main.o"
arm-none-eabi-gcc "../Src/sysmem.c" -mcpu=cortex-m4 -std=gnu11 -g3 -DDEBUG -DSTM32 -DSTM32F4 -DSTM32F446RETx -DNUCLEO_F446RE -c -I../Inc -O0 -ffunction-sections -fdata-sections -Wall -fstack-usage -MMD -MP -MF"Src/sysmem.d" -MT"Src/sysmem.o" --specs=nano.specs -mfpu=fpv4-sp-d16 -mfloat-abi=hard -mthumb -o "Src/sysmem.o"
arm-none-eabi-gcc -o "001HelloWorld_semihosting.elf" @"objects.list"   -mcpu=cortex-m4 -T"D:\Lomj\Microcontroller Embedded C Programming - Absolute Beginners\Embedded-C\My_Workspace\target\001HelloWorld_semihosting\STM32F446RETX_FLASH.ld" --specs=nosys.specs -Wl,-Map="001HelloWorld_semihosting.map" -Wl,--gc-sections -static -specs=rdimon.specs -lc -lrdimon --specs=nano.specs -mfpu=fpv4-sp-d16 -mfloat-abi=hard -mthumb -Wl,--start-group -lc -lm -Wl,--end-group
Finished building target: 001HelloWorld_semihosting.elf
 
arm-none-eabi-size   001HelloWorld_semihosting.elf 
arm-none-eabi-objdump -h -S  001HelloWorld_semihosting.elf  > "001HelloWorld_semihosting.list"
   text	   data	    bss	    dec	    hex	filename
   4916	    116	   1756	   6788	   1a84	001HelloWorld_semihosting.elf
Finished building: default.size.stdout
 
Finished building: 001HelloWorld_semihosting.list
 
15:25:15 **** Incremental Build of configuration Debug for project 001HelloWorld_semihosting ****
make -j16 all 
arm-none-eabi-size   001HelloWorld_semihosting.elf 
   text	   data	    bss	    dec	    hex	filename
   4916	    116	   1756	   6788	   1a84	001HelloWorld_semihosting.elf
Finished building: default.size.stdout
 
